// Jest Snapshot v1, https://goo.gl/fbAQLP

exports[`es5 tests it generates things 1`] = `
"/**
 * Teikn v1.0.0-alpha.2
 * Generated null
 *
 * This file is generated and should be commited to source control
 *
 */
const tokens = {
  /**
   *  Use for body fonts
   *  Type: font-family
   */
  body: '\\"Roboto Condensed\\", Arial, sans',
  /**
   *  the primary branding color
   *  Type: color
   */
  primary: 'aliceblue'
};


module.exports = { tokens: tokens, default: tokens };"
`;
