// Jest Snapshot v1, https://goo.gl/fbAQLP

exports[`SCSS Vars Generator tests It generates the token set 1`] = `
"///
/// Teikn v1.0.0-alpha.3
/// Generated null
///
/// This file is generated and should be commited to source control
///


/// Use for body fonts
$body: \\"Roboto Condensed\\", Arial, sans;
/// the primary branding color
$primary: aliceblue;"
`;
