// Jest Snapshot v1, https://goo.gl/fbAQLP

exports[`TypeScript generator tests It matches the TypeScript snapshot 1`] = `
"/**
 * Teikn v0.1.5
 * Generated null
 *
 * This file is generated and should be commited to source control
 *
 */


/**
 * Design tokens
 */
export const tokens: {
  /**
   *  Use for body fonts
   *  Type: font-family
   */
  body: string,
  /**
   *  the primary branding color
   *  Type: color
   */
  primary: string
}
export default tokens;"
`;
